../Core/Src/main.c:70:5:main	16	static
../Core/Src/main.c:115:6:vBlueLEDcontrollerTask	24	static
../Core/Src/main.c:127:6:vRedLEDcontrollerTask	24	static
../Core/Src/main.c:141:6:vGreenLEDcontrollerTask	24	static
../Core/Src/main.c:157:5:__io_putchar	16	static
../Core/Src/main.c:167:6:SystemClock_Config	88	static
../Core/Src/main.c:209:13:MX_USART2_UART_Init	8	static
../Core/Src/main.c:242:13:MX_GPIO_Init	16	static
../Core/Src/main.c:264:6:HAL_TIM_PeriodElapsedCallback	16	static
../Core/Src/main.c:281:6:Error_Handler	4	static,ignoring_inline_asm
