../Core/Src/main.c:74:5:main	16	static
../Core/Src/main.c:125:6:vBlueLEDcontrollerTask	16	static
../Core/Src/main.c:132:6:vRedLEDcontrollerTask	16	static
../Core/Src/main.c:138:6:vGreenLEDcontrollerTask	16	static
../Core/Src/main.c:144:6:vOrangeLEDcontrollerTask	16	static
../Core/Src/main.c:150:5:__io_putchar	16	static
../Core/Src/main.c:160:6:SystemClock_Config	88	static
../Core/Src/main.c:202:13:MX_USART2_UART_Init	8	static
../Core/Src/main.c:235:13:MX_GPIO_Init	40	static
../Core/Src/main.c:279:6:HAL_TIM_PeriodElapsedCallback	16	static
../Core/Src/main.c:296:6:Error_Handler	4	static,ignoring_inline_asm
