../Core/Src/main.c:66:5:main	16	static
../Core/Src/main.c:111:6:vBlueLEDcontrollerTask	16	static
../Core/Src/main.c:119:6:vRedLEDcontrollerTask	16	static
../Core/Src/main.c:126:6:vGreenLEDcontrollerTask	16	static
../Core/Src/main.c:133:6:vApplicationIdleHook	4	static
../Core/Src/main.c:138:5:__io_putchar	16	static
../Core/Src/main.c:148:6:SystemClock_Config	88	static
../Core/Src/main.c:190:13:MX_USART2_UART_Init	8	static
../Core/Src/main.c:223:13:MX_GPIO_Init	16	static
../Core/Src/main.c:245:6:HAL_TIM_PeriodElapsedCallback	16	static
../Core/Src/main.c:262:6:Error_Handler	4	static,ignoring_inline_asm
