../Core/Src/main.c:71:5:main	16	static
../Core/Src/main.c:116:6:vBlueLEDcontrollerTask	16	static
../Core/Src/main.c:123:6:vRedLEDcontrollerTask	16	static
../Core/Src/main.c:130:6:vGreenLEDcontrollerTask	16	static
../Core/Src/main.c:136:5:__io_putchar	16	static
../Core/Src/main.c:146:6:SystemClock_Config	88	static
../Core/Src/main.c:188:13:MX_USART2_UART_Init	8	static
../Core/Src/main.c:221:13:MX_GPIO_Init	16	static
../Core/Src/main.c:243:6:HAL_TIM_PeriodElapsedCallback	16	static
../Core/Src/main.c:260:6:Error_Handler	4	static,ignoring_inline_asm
